PHASE01 run 2026-09-25T16:57:45Z
STEP-00 parent_continuity PASS
STEP-01 survivor_binding PASS
STEP-02 set_hash_agreement PASS
STEP-03 fresh_history PASS
STEP-04 no_reunlock PASS
STEP-05 blocker_dag PASS
PHASE01 run 2026-09-25T16:57:52Z
STEP-00 parent_continuity PASS
STEP-01 survivor_binding PASS
STEP-02 set_hash_agreement PASS
STEP-03 fresh_history PASS
STEP-04 no_reunlock PASS
STEP-05 blocker_dag PASS
PHASE01 run 2026-09-25T16:57:52Z
STEP-00 parent_continuity PASS
STEP-01 survivor_binding PASS
STEP-02 set_hash_agreement PASS
STEP-03 fresh_history PASS
STEP-04 no_reunlock PASS
STEP-05 blocker_dag PASS
PHASE01 run 2026-09-25T17:18:31Z
STEP-00 parent_continuity PASS
STEP-01 survivor_binding PASS
STEP-02 set_hash_agreement PASS
STEP-03 fresh_history PASS
STEP-04 no_reunlock PASS
STEP-05 blocker_dag PASS
PHASE01 run 2026-09-25T17:19:16Z
STEP-00 parent_continuity PASS
STEP-01 survivor_binding PASS
STEP-02 set_hash_agreement PASS
STEP-03 fresh_history PASS
STEP-04 no_reunlock PASS
STEP-05 blocker_dag PASS
PHASE01 run 2026-09-25T17:19:51Z
STEP-00 parent_continuity PASS
STEP-01 survivor_binding PASS
STEP-02 set_hash_agreement PASS
STEP-03 fresh_history PASS
STEP-04 no_reunlock PASS
STEP-05 blocker_dag PASS
PHASE01 run 2026-09-25T17:19:52Z
STEP-00 parent_continuity PASS
STEP-01 survivor_binding PASS
STEP-02 set_hash_agreement PASS
STEP-03 fresh_history PASS
STEP-04 no_reunlock PASS
STEP-05 blocker_dag PASS
PHASE01 run 2026-09-25T17:24:36Z
STEP-00 parent_continuity PASS
STEP-01 survivor_binding PASS
STEP-02 set_hash_agreement PASS
STEP-03 fresh_history PASS
STEP-04 no_reunlock PASS
STEP-05 blocker_dag PASS
PHASE01 run 2026-09-25T17:24:36Z
STEP-00 parent_continuity PASS
STEP-01 survivor_binding PASS
STEP-02 set_hash_agreement PASS
STEP-03 fresh_history PASS
STEP-04 no_reunlock PASS
STEP-05 blocker_dag PASS
PHASE01 run 2026-09-25T17:36:48Z
STEP-00 parent_continuity PASS
STEP-01 survivor_binding PASS
STEP-02 set_hash_agreement PASS
STEP-03 fresh_history PASS
STEP-04 no_reunlock PASS
STEP-05 blocker_dag PASS
PHASE01 run 2026-09-25T17:37:04Z
STEP-00 parent_continuity PASS
STEP-01 survivor_binding PASS
STEP-02 set_hash_agreement PASS
STEP-03 fresh_history PASS
STEP-04 no_reunlock PASS
STEP-05 blocker_dag PASS
PHASE01 run 2026-09-25T17:37:04Z
STEP-00 parent_continuity PASS
STEP-01 survivor_binding PASS
STEP-02 set_hash_agreement PASS
STEP-03 fresh_history PASS
STEP-04 no_reunlock PASS
STEP-05 blocker_dag PASS
PHASE01 run 2026-09-25T17:58:03Z
STEP-00 parent_continuity PASS
STEP-01 survivor_binding PASS
STEP-02 set_hash_agreement PASS
STEP-03 fresh_history PASS
STEP-04 no_reunlock PASS
STEP-05 blocker_dag PASS
PHASE01 run 2026-09-25T17:58:04Z
STEP-00 parent_continuity PASS
STEP-01 survivor_binding PASS
STEP-02 set_hash_agreement PASS
STEP-03 fresh_history PASS
STEP-04 no_reunlock PASS
STEP-05 blocker_dag PASS
PHASE01 run 2026-09-25T17:59:08Z
STEP-00 parent_continuity PASS
STEP-01 survivor_binding PASS
STEP-02 set_hash_agreement PASS
STEP-03 fresh_history PASS
STEP-04 no_reunlock PASS
STEP-05 blocker_dag PASS
PHASE01 run 2026-09-25T17:59:08Z
STEP-00 parent_continuity PASS
STEP-01 survivor_binding PASS
STEP-02 set_hash_agreement PASS
STEP-03 fresh_history PASS
STEP-04 no_reunlock PASS
STEP-05 blocker_dag PASS
